m
[0;32mI (319) eï¿½ets Jun  8 2016 00:22:57

rst:0x1 (POWERON_RESET),boot:0x13 (SPI_FAST_FLASH_BOOT)
configsip: 0, SPIWP:0xee
clk_drv:0x00,q_drv:0x00,d_drv:0x00,cs0_drv:0x00,hd_drv:0x00,wp_drv:0x00
mode:DIO, clock div:2
load:0x3fff0030,len:7172
load:0x40078000,len:15532
load:0x40080400,len:4
load:0x40080404,len:3904
entry 0x40080640
[0;32mI (29) boot: ESP-IDF v5.2 2nd stage bootloader[0m
[0;32mI (29) boot: compile time Mar 26 2024 17:01:51[0m
[0;32mI (29) boot: Multicore bootloader[0m
[0;32mI (33) boot: chip revision: v1.0[0m
[0;32mI (37) boot.esp32: SPI Speed      : 40MHz[0m
[0;32mI (42) boot.esp32: SPI Mode       : DIO[0m
[0;32mI (46) boot.esp32: SPI Flash Size : 4MB[0m
[0;32mI (51) boot: Enabling RNG early entropy source...[0m
[0;32mI (56) boot: Partition Table:[0m
[0;32mI (60) boot: ## Label            Usage          Type ST Offset   Length[0m
[0;32mI (67) boot:  0 nvs              WiFi data        01 02 00009000 00006000[0m
[0;32mI (74) boot:  1 phy_init         RF data          01 01 0000f000 00001000[0m
[0;32mI (82) boot:  2 factory          factory app      00 00 00010000 00100000[0m
[0;32mI (89) boot:  3 storage          Unknown data     01 82 00110000 000f0000[0m
[0;32mI (97) boot: End of partition table[0m
[0;32mI (101) esp_image: segment 0: paddr=00010020 vaddr=3f400020 size=0a31ch ( 41756) map[0m
[0;32mI (124) esp_image: segment 1: paddr=0001a344 vaddr=3ffb0000 size=02244h (  8772) load[0m
[0;32mI (127) esp_image: segment 2: paddr=0001c590 vaddr=40080000 size=03a88h ( 14984) load[0m
[0;32mI (136) esp_image: segment 3: paddr=00020020 vaddr=400d0020 size=1acd4h (109780) map[0m
[0;32mI (176) esp_image: segment 4: paddr=0003acfc vaddr=40083a88 size=093c4h ( 37828) load[0m
[0;32mI (197) boot: Loaded app from partition at offset 0x10000[0m
[0;32mI (198) boot: Disabling RNG early entropy source...[0m
[0;32mI (209) cpu_start: Multicore app[0m
[0;32mI (218) cpu_start: Pro cpu start user code[0m
[0;32mI (218) cpu_start: cpu freq: 160000000 Hz[0m
[0;32mI (218) cpu_start: Application information:[0m
[0;32mI (221) cpu_start: Project name:     spiffs[0m
[0;32mI (226) cpu_start: App version:      1a53d4750[0m
[0;32mI (231) cpu_start: Compile time:     Mar 26 2024 17:01:39[0m
[0;32mI (237) cpu_start: ELF file SHA256:  88bd81d1a...[0m
[0;32mI (242) cpu_start: ESP-IDF:          v5.2[0m
[0;32mI (247) cpu_start: Min chip rev:     v0.0[0m
[0;32mI (252) cpu_start: Max chip rev:     v3.99 [0m
[0;32mI (256) cpu_start: Chip rev:         v1.0[0m
[0;32mI (261) heap_init: Initializing. RAM available for dynamic allocation:[0m
[0;32mI (269) heap_init: At 3FFAE6E0 len 00001920 (6 KiB): DRAM[0m
[0;32mI (274) heap_init: At 3FFB2B18 len 0002D4E8 (181 KiB): DRAM[0m
[0;32mI (281) heap_init: At 3FFE0440 len 00003AE0 (14 KiB): D/IRAM[0m
[0;32mI (287) heap_init: At 3FFE4350 len 0001BCB0 (111 KiB): D/IRAM[0m
[0;32mI (293) heap_init: At 4008CE4C len 000131B4 (76 KiB): IRAM[0m
[0;32mI (301) spi_flash: detected chip: generic[0m
[0;32mI (304) spi_flash: flash io: dio[0m
[0;32mI (309) main_task: Started on CPU0[0m
[0;32mI (319) main_task: Calling app_main()[0m
[0;32mI (319) example: Initializing SPIFFS[0m
[0;32mI (439) example: Performing SPIFFS_check().[0m
[0;32mI (5629) example: SPIFFS_check() successful[0m
[0;32mI (5629) example: Partition size: total: 896321, used: 502[0m
[0;32mI (5629) example: Opening file[0m
[0;32mI (5749) example: File written[0m
[0;32mI (5749) example: Renaming file[0m
[0;32mI (5809) example: Reading file[0m
[0;32mI (5809) example: Read from file: 'Hello Rahul ...!'[0m
[0;32mI (5809) example: SPIFFS unmounted[0m
[0;32mI (5809) main_task: Returned from app_main()[0m
