0x00,d_drv:0x00,cs0_ï¿½ets Jun  8 2016 00:22:57

rst:0x1 (POWERON_RESET),boot:0x13 (SPI_FAST_FLASH_BOOT)
configsip: 0, SPIWP:0xee
clk_drv:0x00,q_drv:0x00,d_drv:0x00,cs0_drv:0x00,hd_drv:0x00,wp_drv:0x00
mode:DIO, clock div:2
load:0x3fff0030,len:7172
load:0x40078000,len:15532
load:0x40080400,len:4
load:0x40080404,len:3904
entry 0x40080640
[0;32mI (29) boot: ESP-IDF v5.2 2nd stage bootloader[0m
[0;32mI (29) boot: compile time Mar 21 2024 11:11:20[0m
[0;32mI (29) boot: Multicore bootloader[0m
[0;32mI (33) boot: chip revision: v1.0[0m
[0;32mI (37) boot.esp32: SPI Speed      : 40MHz[0m
[0;32mI (42) boot.esp32: SPI Mode       : DIO[0m
[0;32mI (46) boot.esp32: SPI Flash Size : 2MB[0m
[0;32mI (51) boot: Enabling RNG early entropy source...[0m
[0;32mI (56) boot: Partition Table:[0m
[0;32mI (60) boot: ## Label            Usage          Type ST Offset   Length[0m
[0;32mI (67) boot:  0 nvs              WiFi data        01 02 00009000 00006000[0m
[0;32mI (74) boot:  1 phy_init         RF data          01 01 0000f000 00001000[0m
[0;32mI (82) boot:  2 factory          factory app      00 00 00010000 00100000[0m
[0;32mI (89) boot: End of partition table[0m
[0;32mI (94) esp_image: segment 0: paddr=00010020 vaddr=3f400020 size=09534h ( 38196) map[0m
[0;32mI (115) esp_image: segment 1: paddr=0001955c vaddr=3ffb0000 size=0220ch (  8716) load[0m
[0;32mI (119) esp_image: segment 2: paddr=0001b770 vaddr=40080000 size=048a8h ( 18600) load[0m
[0;32mI (128) esp_image: segment 3: paddr=00020020 vaddr=400d0020 size=134f0h ( 79088) map[0m
[0;32mI (157) esp_image: segment 4: paddr=00033518 vaddr=400848a8 size=07e74h ( 32372) load[0m
[0;32mI (176) boot: Loaded app from partition at offset 0x10000[0m
[0;32mI (176) boot: Disabling RNG early entropy source...[0m
[0;32mI (187) cpu_start: Multicore app[0m
[0;32mI (196) cpu_start: Pro cpu start user code[0m
[0;32mI (196) cpu_start: cpu freq: 160000000 Hz[0m
[0;32mI (196) cpu_start: Application information:[0m
[0;32mI (199) cpu_start: Project name:     Debug[0m
[0;32mI (204) cpu_start: App version:      6634d462[0m
[0;32mI (209) cpu_start: Compile time:     Mar 21 2024 11:10:59[0m
[0;32mI (215) cpu_start: ELF file SHA256:  2be591135...[0m
[0;32mI (221) cpu_start: ESP-IDF:          v5.2[0m
[0;32mI (225) cpu_start: Min chip rev:     v0.0[0m
[0;32mI (230) cpu_start: Max chip rev:     v3.99 [0m
[0;32mI (235) cpu_start: Chip rev:         v1.0[0m
[0;32mI (240) heap_init: Initializing. RAM available for dynamic allocation:[0m
[0;32mI (247) heap_init: At 3FFAE6E0 len 00001920 (6 KiB): DRAM[0m
[0;32mI (253) heap_init: At 3FFB2AD0 len 0002D530 (181 KiB): DRAM[0m
[0;32mI (259) heap_init: At 3FFE0440 len 00003AE0 (14 KiB): D/IRAM[0m
[0;32mI (265) heap_init: At 3FFE4350 len 0001BCB0 (111 KiB): D/IRAM[0m
[0;32mI (272) heap_init: At 4008C71C len 000138E4 (78 KiB): IRAM[0m
[0;32mI (279) spi_flash: detected chip: generic[0m
[0;32mI (283) spi_flash: flash io: dio[0m
[0;33mW (287) spi_flash: Detected size(4096k) larger than the size in the binary image header(2048k). Using the size in the binary image header.[0m
[0;32mI (300) main_task: Started on CPU0[0m
[0;32mI (310) main_task: Calling app_main()[0m
before func 
in func 1 
in func 2 

assert failed: xQueueSemaphoreTake queue.c:1713 (pxQueue->uxItemSize == 0)


Backtrace: 0x400815ea:0x3ffb5350 0x400857bd:0x3ffb5370 0x4008b1e9:0x3ffb5390 0x40085e3a:0x3ffb54b0 0x40085f56:0x3ffb54f0 0x40082661:0x3ffb5510 0x40082769:0x3ffb5540 0x400d5227:0x3ffb5560 0x400d40df:0x3ffb5580 0x400d3c6a:0x3ffb55a0 0x4000bd83:0x3ffb55c0 0x4000117d:0x3ffb55e0 0x400592fe:0x3ffb5600 0x4005937a:0x3ffb5620 0x400d7f75:0x3ffb5640 0x400d805b:0x3ffb5670 0x400d8093:0x3ffb56b0 0x400d52ac:0x3ffb56d0 0x400d52c9:0x3ffb62b0 0x40086021:0x3ffb62d0




ELF file SHA256: 2be591135

Rebooting...
ets Jun  8 2016 00:22:57

rst:0xc (SW_CPU_RESET),boot:0x13 (SPI_FAST_FLASH_BOOT)
configsip: 0, SPIWP:0xee
clk_drv:0x00,q_drv:0x00,d_drv:0x00,cs0_drv:0x00,hd_drv:0x00,wp_drv:0x00
mode:DIO, clock div:2
load:0x3fff0030,len:7172
load:0x40078000,len:15532
load:0x40080400,len:4
load:0x40080404,len:3904
entry 0x40080640
[0;32mI (29) boot: ESP-IDF v5.2 2nd stage bootloader[0m
[0;32mI (29) boot: compile time Mar 21 2024 11:11:20[0m
[0;32mI (29) boot: Multicore bootloader[0m
[0;32mI (33) boot: chip revision: v1.0[0m
[0;32mI (37) boot.esp32: SPI Speed      : 40MHz[0m
[0;32mI (42) boot.esp32: SPI Mode       : DIO[0m
[0;32mI (46) boot.esp32: SPI Flash Size : 2MB[0m
[0;32mI (51) boot: Enabling RNG early entropy source...[0m
[0;32mI (56) boot: Partition Table:[0m
[0;32mI (60) boot: ## Label            Usage          Type ST Offset   Length[0m
[0;32mI (67) boot:  0 nvs              WiFi data        01 02 00009000 00006000[0m
[0;32mI (74) boot:  1 phy_init         RF data          01 01 0000f000 00001000[0m
[0;32mI (82) boot:  2 factory          factory app      00 00 00010000 00100000[0m
[0;32mI (89) boot: End of partition table[0m
[0;32mI (94) esp_image: segment 0: paddr=00010020 vaddr=3f400020 size=09534h ( 38196) map[0m
[0;32mI (115) esp_image: segment 1: paddr=0001955c vaddr=3ffb0000 size=0220ch (  8716) load[0m
[0;32mI (119) esp_image: segment 2: paddr=0001b770 vaddr=40080000 size=048a8h ( 18600) load[0m
[0;32mI (128) esp_image: segment 3: paddr=00020020 vaddr=400d0020 size=134f0h ( 79088) map[0m
[0;32mI (157) esp_image: segment 4: paddr=00033518 vaddr=400848a8 size=07e74h ( 32372) load[0m
[0;32mI (176) boot: Loaded app from partition at offset 0x10000[0m
[0;32mI (176) boot: Disabling RNG early entropy source...[0m
[0;32mI (187) cpu_start: Multicore app[0m
[0;32mI (196) cpu_start: Pro cpu start user code[0m
[0;32mI (196) cpu_start: cpu freq: 160000000 Hz[0m
[0;32mI (196) cpu_start: Application information:[0m
[0;32mI (199) cpu_start: Project name:     Debug[0m
[0;32mI (204) cpu_start: App version:      6634d462[0m
[0;32mI (209) cpu_start: Compile time:     Mar 21 2024 11:10:59[0m
[0;32mI (215) cpu_start: ELF file SHA256:  2be591135...[0m
[0;32mI (221) cpu_start: ESP-IDF:          v5.2[0m
[0;32mI (225) cpu_start: Min chip rev:     v0.0[0m
[0;32mI (230) cpu_start: Max chip rev:     v3.99 [0m
[0;32mI (235) cpu_start: Chip rev:         v1.0[0m
[0;32mI (240) heap_init: Initializing. RAM available for dynamic allocation:[0m
[0;32mI (247) heap_init: At 3FFAE6E0 len 00001920 (6 KiB): DRAM[0m
[0;32mI (253) heap_init: At 3FFB2AD0 len 0002D530 (181 KiB): DRAM[0m
[0;32mI (259) heap_init: At 3FFE0440 len 00003AE0 (14 KiB): D/IRAM[0m
[0;32mI (265) heap_init: At 3FFE4350 len 0001BCB0 (111 KiB): D/IRAM[0m
[0;32mI (272) heap_init: At 4008C71C len 000138E4 (78 KiB): IRAM[0m
[0;32mI (280) spi_flash: detected chip: generic[0m
[0;32mI (283) spi_flash: flash io: dio[0m
[0;33mW (287) spi_flash: Detected size(4096k) larger than the size in the binary image header(2048k). Using the size in the binary image header.[0m
[0;32mI (300) main_task: Started on CPU0[0m
[0;32mI (310) main_task: Calling app_main()[0m
before func 
in func 1 
in func 2 

assert failed: xQueueSemaphoreTake queue.c:1713 (pxQueue->uxItemSize == 0)


Backtrace: 0x400815ea:0x3ffb5350 0x400857bd:0x3ffb5370 0x4008b1e9:0x3ffb5390 0x40085e3a:0x3ffb54b0 0x40085f56:0x3ffb54f0 0x40082661:0x3ffb5510 0x40082769:0x3ffb5540 0x400d5227:0x3ffb5560 0x400d40df:0x3ffb5580 0x400d3c6a:0x3ffb55a0 0x4000bd83:0x3ffb55c0 0x4000117d:0x3ffb55e0 0x400592fe:0x3ffb5600 0x4005937a:0x3ffb5620 0x400d7f75:0x3ffb5640 0x400d805b:0x3ffb5670 0x400d8093:0x3ffb56b0 0x400d52ac:0x3ffb56d0 0x400d52c9:0x3ffb62b0 0x40086021:0x3ffb62d0




ELF file SHA256: 2be591135

Rebooting...
ets Jun  8 2016 00:22:57

rst:0xc (SW_CPU_RESET),boot:0x13 (SPI_FAST_FLASH_BOOT)
configsip: 0, SPIWP:0xee
clk_drv:0x00,q_drv:0x00,d_drv:0x00,cs0_drv:0x00,hd_drv:0x00,wp_drv:0x00
mode:DIO, clock div:2
load:0x3fff0030,len:7172
load:0x40078000,len:15532
load:0x40080400,len:4
load:0x40080404,len:3904
entry 0x40080640
[0;32mI (29) boot: ESP-IDF v5.2 2nd stage bootloader[0m
[0;32mI (29) boot: compile time Mar 21 2024 11:11:20[0m
[0;32mI (29) boot: Multicore bootloader[0m
[0;32mI (33) boot: chip revision: v1.0[0m
[0;32mI (37) boot.esp32: SPI Speed      : 40MHz[0m
[0;32mI (42) boot.esp32: SPI Mode       : DIO[0m
[0;32mI (46) boot.esp32: SPI Flash Size : 2MB[0m
[0;32mI (51) boot: Enabling RNG early entropy source...[0m
[0;32mI (56) boot: Partition Table:[0m
[0;32mI (60) boot: ## Label            Usage          Type ST Offset   Length[0m
[0;32mI (67) boot:  0 nvs              WiFi data        01 02 00009000 00006000[0m
[0;32mI (74) boot:  1 phy_init         RF data          01 01 0000f000 00001000[0m
[0;32mI (82) boot:  2 factory          factory app      00 00 00010000 00100000[0m
[0;32mI (89) boot: End of partition table[0m
[0;32mI (94) esp_image: segment 0: paddr=00010020 vaddr=3f400020 size=09534h ( 38196) map[0m
[0;32mI (115) esp_image: segment 1: paddr=0001955c vaddr=3ffb0000 size=0220ch (  8716) load[0m
[0;32mI (119) esp_image: segment 2: paddr=0001b770 vaddr=40080000 size=048a8h ( 18600) load[0m
[0;32mI (128) esp_image: segment 3: paddr=00020020 vaddr=400d0020 size=134f0h ( 79088) map[0m
[0;32mI (157) esp_image: segment 4: paddr=00033518 vaddr=400848a8 size=07e74h ( 32372) load[0m
[0;32mI (176) boot: Loaded app from partition at offset 0x10000[0m
[0;32mI (176) boot: Disabling RNG early entropy source...[0m
[0;32mI (187) cpu_start: Multicore app[0m
[0;32mI (196) cpu_start: Pro cpu start user code[0m
[0;32mI (196) cpu_start: cpu freq: 160000000 Hz[0m
[0;32mI (196) cpu_start: Application information:[0m
[0;32mI (199) cpu_start: Project name:     Debug[0m
[0;32mI (204) cpu_start: App version:      6634d462[0m
[0;32mI (209) cpu_start: Compile time:     Mar 21 2024 11:10:59[0m
[0;32mI (215) cpu_start: ELF file SHA256:  2be591135...[0m
[0;32mI (221) cpu_start: ESP-IDF:          v5.2[0m
[0;32mI (225) cpu_start: Min chip rev:     v0.0[0m
[0;32mI (230) cpu_start: Max chip rev:     v3.99 [0m
[0;32mI (235) cpu_start: Chip rev:         v1.0[0m
[0;32mI (240) heap_init: Initializing. RAM available for dynamic allocation:[0m
[0;32mI (247) heap_init: At 3FFAE6E0 len 00001920 (6 KiB): DRAM[0m
[0;32mI (253) heap_init: At 3FFB2AD0 len 0002D530 (181 KiB): DRAM[0m
[0;32mI (259) heap_init: At 3FFE0440 len 00003AE0 (14 KiB): D/IRAM[0m
[0;32mI (265) heap_init: At 3FFE4350 len 0001BCB0 (111 KiB): D/IRAM[0m
[0;32mI (272) heap_init: At 4008C71C len 000138E4 (78 KiB): IRAM[0m
[0;32mI (279) spi_flash: detected chip: generic[0m
[0;32mI (283) spi_flash: flash io: dio[0m
[0;33mW (287) spi_flash: Detected size(4096k) larger than the size in the binary image header(2048k). Using the size in the binary image header.[0m
[0;32mI (300) main_task: Started on CPU0[0m
[0;32mI (310) main_task: Calling app_main()[0m
before func 
in func 1 
in func 2 

assert failed: xQueueSemaphoreTake queue.c:1713 (pxQueue->uxItemSize == 0)


Backtrace: 0x400815ea:0x3ffb5350 0x400857bd:0x3ffb5370 0x4008b1e9:0x3ffb5390 0x40085e3a:0x3ffb54b0 0x40085f56:0x3ffb54f0 0x40082661:0x3ffb5510 0x40082769:0x3ffb5540 0x400d5227:0x3ffb5560 0x400d40df:0x3ffb5580 0x400d3c6a:0x3ffb55a0 0x4000bd83:0x3ffb55c0 0x4000117d:0x3ffb55e0 0x400592fe:0x3ffb5600 0x4005937a:0x3ffb5620 0x400d7f75:0x3ffb5640 0x400d805b:0x3ffb5670 0x400d8093:0x3ffb56b0 0x400d52ac:0x3ffb56d0 0x400d52c9:0x3ffb62b0 0x40086021:0x3ffb62d0




ELF file SHA256: 2be591135

Rebooting...
ets Jun  8 2016 00:22:57

rst:0xc (SW_CPU_RESET),boot:0x13 (SPI_FAST_FLASH_BOOT)
configsip: 0, SPIWP:0xee
clk_drv:0x00,q_drv:0x00,d_drv:0x00,cs0_drv:0x00,hd_drv:0x00,wp_drv:0x00
mode:DIO, clock div:2
load:0x3fff0030,len:7172
load:0x40078000,len:15532
load:0x40080400,len:4
load:0x40080404,len:3904
entry 0x40080640
[0;32mI (29) boot: ESP-IDF v5.2 2nd stage bootloader[0m
[0;32mI (29) boot: compile time Mar 21 2024 11:11:20[0m
[0;32mI (29) boot: Multicore bootloader[0m
[0;32mI (33) boot: chip revision: v1.0[0m
[0;32mI (37) boot.esp32: SPI Speed      : 40MHz[0m
[0;32mI (42) boot.esp32: SPI Mode       : DIO[0m
[0;32mI (46) boot.esp32: SPI Flash Size : 2MB[0m
[0;32mI (51) boot: Enabling RNG early entropy source...[0m
[0;32mI (56) boot: Partition Table:[0m
[0;32mI (60) boot: ## Label            Usage          Type ST Offset   Length[0m
[0;32mI (67) boot:  0 nvs              WiFi data        01 02 00009000 00006000[0m
[0;32mI (74) boot:  1 phy_init         RF data          01 01 0000f000 00001000[0m
[0;32mI (82) boot:  2 factory          factory app      00 00 00010000 00100000[0m
[0;32mI (89) boot: End of partition table[0m
[0;32mI (94) esp_image: segment 0: paddr=00010020 vaddr=3f400020 size=09534h ( 38196) map[0m
[0;32mI (115) esp_image: segment 1: paddr=0001955c vaddr=3ffb0000 size=0220ch (  8716) load[0m
[0;32mI (119) esp_image: segment 2: paddr=0001b770 vaddr=40080000 size=048a8h ( 18600) load[0m
[0;32mI (128) esp_image: segment 3: paddr=00020020 vaddr=400d0020 size=134f0h ( 79088) map[0m
[0;32mI (157) esp_image: segment 4: paddr=00033518 vaddr=400848a8 size=07e74h ( 32372) load[0m
[0;32mI (176) boot: Loaded app from partition at offset 0x10000[0m
[0;32mI (176) boot: Disabling RNG early entropy source...[0m
[0;32mI (187) cpu_start: Multicore app[0m
[0;32mI (196) cpu_start: Pro cpu start user code[0m
[0;32mI (196) cpu_start: cpu freq: 160000000 Hz[0m
[0;32mI (196) cpu_start: Application information:[0m
[0;32mI (199) cpu_start: Project name:     Debug[0m
[0;32mI (204) cpu_start: App version:      6634d462[0m
[0;32mI (209) cpu_start: Compile time:     Mar 21 2024 11:10:59[0m
[0;32mI (215) cpu_start: ELF file SHA256:  2be591135...[0m
[0;32mI (221) cpu_start: ESP-IDF:          v5.2[0m
[0;32mI (225) cpu_start: Min chip rev:     v0.0[0m
[0;32mI (230) cpu_start: Max chip rev:     v3.99 [0m
[0;32mI (235) cpu_start: Chip rev:         v1.0[0m
[0;32mI (240) heap_init: Initializing. RAM available for dynamic allocation:[0m
[0;32mI (247) heap_init: At 3FFAE6E0 len 00001920 (6 KiB): DRAM[0m
[0;32mI (253) heap_init: At 3FFB2AD0 len 0002D530 (181 KiB): DRAM[0m
[0;32mI (259) heap_init: At 3FFE0440 len 00003AE0 (14 KiB): D/IRAM[0m
[0;32mI (265) heap_init: At 3FFE4350 len 0001BCB0 (111 KiB): D/IRAM[0m
[0;32mI (272) heap_init: At 4008C71C len 000138E4 (78 KiB): IRAM[0m
[0;32mI (279) spi_flash: detected chip: generic[0m
[0;32mI (283) spi_flash: flash io: dio[0m
[0;33mW (287) spi_flash: Detected size(4096k) larger than the size in the binary image header(2048k). Using the size in the binary image header.[0m
[0;32mI (300) main_task: Started on CPU0[0m
[0;32mI (310) main_task: Calling app_main()[0m
before func 
in func 1 
in func 2 

assert failed: xQueueSemaphoreTake queue.c:1713 (pxQueue->uxItemSize == 0)


Backtrace: 0x400815ea:0x3ffb5350 0x400857bd:0x3ffb5370 0x4008b1e9:0x3ffb5390 0x40085e3a:0x3ffb54b0 0x40085f56:0x3ffb54f0 0x40082661:0x3ffb5510 0x40082769:0x3ffb5540 0x400d5227:0x3ffb5560 0x400d40df:0x3ffb5580 0x400d3c6a:0x3ffb55a0 0x4000bd83:0x3ffb55c0 0x4000117d:0x3ffb55e0 0x400592fe:0x3ffb5600 0x4005937a:0x3ffb5620 0x400d7f75:0x3ffb5640 0x400d805b:0x3ffb5670 0x400d8093:0x3ffb56b0 0x400d52ac:0x3ffb56d0 0x400d52c9:0x3ffb62b0 0x40086021:0x3ffb62d0




ELF file SHA256: 2be591135

Rebooting...
ets Jun  8 2016 00:22:57

rst:0xc (SW_CPU_RESET),boot:0x13 (SPI_FAST_FLASH_BOOT)
configsip: 0, SPIWP:0xee
clk_drv:0x00,q_drv:0x00,d_drv:0x00,cs0_drv:0x00,hd_drv:0x00,wp_drv:0x00
mode:DIO, clock div:2
load:0x3fff0030,len:7172
load:0x40078000,len:15532
load:0x40080400,len:4
load:0x40080404,len:3904
entry 0x40080640
[0;32mI (29) boot: ESP-IDF v5.2 2nd stage bootloader[0m
[0;32mI (29) boot: compile time Mar 21 2024 11:11:20[0m
[0;32mI (29) boot: Multicore bootloader[0m
[0;32mI (33) boot: chip revision: v1.0[0m
[0;32mI (37) boot.esp32: SPI Speed      : 40MHz[0m
[0;32mI (42) boot.esp32: SPI Mode       : DIO[0m
[0;32mI (46) boot.esp32: SPI Flash Size : 2MB[0m
[0;32mI (51) boot: Enabling RNG early entropy source...[0m
[0;32mI (56) boot: Partition Table:[0m
[0;32mI (60) boot: ## Label            Usage          Type ST Offset   Length[0m
[0;32mI (67) boot:  0 nvs              WiFi data        01 02 00009000 00006000[0m
[0;32mI (74) boot:  1 phy_init         RF data          01 01 0000f000 00001000[0m
[0;32mI (82) boot:  2 factory          factory app      00 00 00010000 00100000[0m
[0;32mI (89) boot: End of partition table[0m
[0;32mI (94) esp_image: segment 0: paddr=00010020 vaddr=3f400020 size=09534h ( 38196) map[0m
[0;32mI (115) esp_image: segment 1: paddr=0001955c vaddr=3ffb0000 size=0220ch (  8716) load[0m
[0;32mI (119) esp_image: segment 2: paddr=0001b770 vaddr=40080000 size=048a8h ( 18600) load[0m
[0;32mI (128) esp_image: segment 3: paddr=00020020 vaddr=400d0020 size=134f0h ( 79088) map[0m
[0;32mI (157) esp_image: segment 4: paddr=00033518 vaddr=400848a8 size=07e74h ( 32372) load[0m
[0;32mI (176) boot: Loaded app from partition at offset 0x10000[0m
[0;32mI (176) boot: Disabling RNG early entropy source...[0m
[0;32mI (187) cpu_start: Multicore app[0m
[0;32mI (196) cpu_start: Pro cpu start user code[0m
[0;32mI (196) cpu_start: cpu freq: 160000000 Hz[0m
[0;32mI (196) cpu_start: Application information:[0m
[0;32mI (199) cpu_start: Project name:     Debug[0m
[0;32mI (204) cpu_start: App version:      6634d462[0m
[0;32mI (209) cpu_start: Compile time:     Mar 21 2024 11:10:59[0m
[0;32mI (215) cpu_start: ELF file SHA256:  2be591135...[0m
[0;32mI (221) cpu_start: ESP-IDF:          v5.2[0m
[0;32mI (225) cpu_start: Min chip rev:     v0.0[0m
[0;32mI (230) cpu_start: Max chip rev:     v3.99 [0m
[0;32mI (235) cpu_start: Chip rev:         v1.0[0m
[0;32mI (240) heap_init: Initializing. RAM available for dynamic allocation:[0m
[0;32mI (247) heap_init: At 3FFAE6E0 len 00001920 (6 KiB): DRAM[0m
[0;32mI (253) heap_init: At 3FFB2AD0 len 0002D530 (181 KiB): DRAM[0m
[0;32mI (259) heap_init: At 3FFE0440 len 00003AE0 (14 KiB): D/IRAM[0m
[0;32mI (265) heap_init: At 3FFE4350 len 0001BCB0 (111 KiB): D/IRAM[0m
[0;32mI (272) heap_init: At 4008C71C len 000138E4 (78 KiB): IRAM[0m
[0;32mI (280) spi_flash: detected chip: generic[0m
[0;32mI (283) spi_flash: flash io: dio[0m
[0;33mW (287) spi_flash: Detected size(4096k) larger than the size in the binary image header(2048k). Using the size in the binary image header.[0m
[0;32mI (300) main_task: Started on CPU0[0m
[0;32mI (310) main_task: Calling app_main()[0m
before func 
in func 1 
in func 2 

assert failed: xQueueSemaphoreTake queue.c:1713 (pxQueue->uxItemSize == 0)


Backtrace: 0x400815ea:0x3ffb5350 0x400857bd:0x3ffb5370 0x4008b1e9:0x3ffb5390 0x40085e3a:0x3ffb54b0 0x40085f56:0x3ffb54f0 0x40082661:0x3ffb5510 0x40082769:0x3ffb5540 0x400d5227:0x3ffb5560 0x400d40df:0x3ffb5580 0x400d3c6a:0x3ffb55a0 0x4000bd83:0x3ffb55c0 0x4000117d:0x3ffb55e0 0x400592fe:0x3ffb5600 0x4005937a:0x3ffb5620 0x400d7f75:0x3ffb5640 0x400d805b:0x3ffb5670 0x400d8093:0x3ffb56b0 0x400d52ac:0x3ffb56d0 0x400d52c9:0x3ffb62b0 0x40086021:0x3ffb62d0




ELF file SHA256: 2be591135

Rebooting...
ets Jun  8 2016 00:22:57

rst:0xc (SW_CPU_RESET),boot:0x13 (SPI_FAST_FLASH_BOOT)
configsip: 0, SPIWP:0xee
clk_drv:0x00,q_drv:0x00,d_drv:0x00,cs0_drv:0x00,hd_drv:0x00,wp_drv:0x00
mode:DIO, clock div:2
load:0x3fff0030,len:7172
load:0x40078000,len:15532
load:0x40080400,len:4
load:0x40080404,len:3904
entry 0x40080640
[0;32mI (29) boot: ESP-IDF v5.2 2nd stage bootloader[0m
[0;32mI (29) boot: compile time Mar 21 2024 11:11:20[0m
[0;32mI (29) boot: Multicore bootloader[0m
[0;32mI (33) boot: chip revision: v1.0[0m
[0;32mI (37) boot.esp32: SPI Speed      : 40MHz[0m
[0;32mI (42) boot.esp32: SPI Mode       : DIO[0m
[0;32mI (46) boot.esp32: SPI Flash Size : 2MB[0m
[0;32mI (51) boot: Enabling RNG early entropy source...[0m
[0;32mI (56) boot: Partition Table:[0m
[0;32mI (60) boot: ## Label            Usage          Type ST Offset   Length[0m
[0;32mI (67) boot:  0 nvs              WiFi data        01 02 00009000 00006000[0m
[0;32mI (74) boot:  1 phy_init         RF data          01 01 0000f000 00001000[0m
[0;32mI (82) boot:  2 factory          factory app      00 00 00010000 00100000[0m
[0;32mI (89) boot: End of partition table[0m
[0;32mI (94) esp_image: segment 0: paddr=00010020 vaddr=3f400020 size=09534h ( 38196) map[0m
[0;32mI (115) esp_image: segment 1: paddr=0001955c vaddr=3ffb0000 size=0220ch (  8716) load[0m
[0;32mI (119) esp_image: segment 2: paddr=0001b770 vaddr=40080000 size=048a8h ( 18600) load[0m
[0;32mI (128) esp_image: segment 3: paddr=00020020 vaddr=400d0020 size=134f0h ( 79088) map[0m
[0;32mI (157) esp_image: segment 4: paddr=00033518 vaddr=400848a8 size=07e74h ( 32372) load[0m
[0;32mI (176) boot: Loaded app from partition at offset 0x10000[0m
[0;32mI (176) boot: Disabling RNG early entropy source...[0m
[0;32mI (187) cpu_start: Multicore app[0m
[0;32mI (196) cpu_start: Pro cpu start user code[0m
[0;32mI (196) cpu_start: cpu freq: 160000000 Hz[0m
[0;32mI (196) cpu_start: Application information:[0m
[0;32mI (199) cpu_start: Project name:     Debug[0m
[0;32mI (204) cpu_start: App version:      6634d462[0m
[0;32mI (209) cpu_start: Compile time:     Mar 21 2024 11:10:59[0m
[0;32mI (215) cpu_start: ELF file SHA256:  2be591135...[0m
[0;32mI (221) cpu_start: ESP-IDF:          v5.2[0m
[0;32mI (225) cpu_start: Min chip rev:     v0.0[0m
[0;32mI (230) cpu_start: Max chip rev:     v3.99 [0m
[0;32mI (235) cpu_start: Chip rev:         v1.0[0m
[0;32mI (240) heap_init: Initializing. RAM available for dynamic allocation:[0m
[0;32mI (247) heap_init: At 3FFAE6E0 len 00001920 (6 KiB): DRAM[0m
[0;32mI (253) heap_init: At 3FFB2AD0 len 0002D530 (181 KiB): DRAM[0m
[0;32mI (259) heap_init: At 3FFE0440 len 00003AE0 (14 KiB): D/IRAM[0m
[0;32mI (265) heap_init: At 3FFE4350 len 0001BCB0 (111 KiB): D/IRAM[0m
[0;32mI (272) heap_init: At 4008C71C len 000138E4 (78 KiB): IRAM[0m
[0;32mI (280) spi_flash: detected chip: generic[0m
[0;32mI (283) spi_flash: flash io: dio[0m
[0;33mW (287) spi_flash: Detected size(4096k) larger than the size in the binary image header(2048k). Using the size in the binary image header.[0m
[0;32mI (300) main_task: Started on CPU0[0m
[0;32mI (310) main_task: Calling app_main()[0m
before func 
in func 1 
in func 2 

assert failed: xQueueSemaphoreTake queue.c:1713 (pxQueue->uxItemSize == 0)


