 cpu freq: 16000ï¿½ets Jun  8 2016 00:22:57

rst:0x1 (POWERON_RESET),boot:0x13 (SPI_FAST_FLASH_BOOT)
configsip: 0, SPIWP:0xee
clk_drv:0x00,q_drv:0x00,d_drv:0x00,cs0_drv:0x00,hd_drv:0x00,wp_drv:0x00
mode:DIO, clock div:2
load:0x3fff0030,len:7172
load:0x40078000,len:15532
load:0x40080400,len:4
load:0x40080404,len:3904
entry 0x40080640
[0;32mI (29) boot: ESP-IDF v5.2 2nd stage bootloader[0m
[0;32mI (29) boot: compile time Mar 16 2024 16:29:52[0m
[0;32mI (29) boot: Multicore bootloader[0m
[0;32mI (33) boot: chip revision: v1.0[0m
[0;32mI (37) boot.esp32: SPI Speed      : 40MHz[0m
[0;32mI (42) boot.esp32: SPI Mode       : DIO[0m
[0;32mI (46) boot.esp32: SPI Flash Size : 4MB[0m
[0;32mI (51) boot: Enabling RNG early entropy source...[0m
[0;32mI (56) boot: Partition Table:[0m
[0;32mI (60) boot: ## Label            Usage          Type ST Offset   Length[0m
[0;32mI (67) boot:  0 nvs              WiFi data        01 02 00009000 00004000[0m
[0;32mI (74) boot:  1 otadata          OTA data         01 00 0000d000 00002000[0m
[0;32mI (82) boot:  2 phy_init         RF data          01 01 0000f000 00001000[0m
[0;32mI (89) boot:  3 factory          factory app      00 00 00010000 00100000[0m
[0;32mI (97) boot:  4 ota_0            OTA app          00 10 00110000 00100000[0m
[0;32mI (104) boot:  5 ota_1            OTA app          00 11 00210000 00100000[0m
[0;32mI (112) boot: End of partition table[0m
[0;32mI (116) boot: Defaulting to factory image[0m
[0;32mI (121) esp_image: segment 0: paddr=00010020 vaddr=3f400020 size=0d768h ( 55144) map[0m
[0;32mI (148) esp_image: segment 1: paddr=0001d790 vaddr=3ffb0000 size=02388h (  9096) load[0m
[0;32mI (152) esp_image: segment 2: paddr=0001fb20 vaddr=40080000 size=004f8h (  1272) load[0m
[0;32mI (155) esp_image: segment 3: paddr=00020020 vaddr=400d0020 size=1b33ch (111420) map[0m
[0;32mI (201) esp_image: segment 4: paddr=0003b364 vaddr=400804f8 size=0cc94h ( 52372) load[0m
[0;32mI (228) boot: Loaded app from partition at offset 0x10000[0m
[0;32mI (228) boot: Disabling RNG early entropy source...[0m
[0;32mI (240) cpu_start: Multicore app[0m
V (240) mmap: after coalescing, 3 regions are left[0m
D (240) cpu_start: Pro cpu up[0m
D (240) cpu_start: Starting app cpu, entry point is 0x40081068[0m
D (0) cpu_start: App cpu up[0m
D (254) clk: RTC_SLOW_CLK calibration value: 3291789[0m
[0;32mI (266) cpu_start: Pro cpu start user code[0m
[0;32mI (266) cpu_start: cpu freq: 160000000 Hz[0m
[0;32mI (266) cpu_start: Application information:[0m
[0;32mI (271) cpu_start: Project name:     OTA[0m
[0;32mI (275) cpu_start: App version:      2a32713-dirty[0m
[0;32mI (281) cpu_start: Compile time:     Mar 16 2024 16:29:56[0m
[0;32mI (287) cpu_start: ELF file SHA256:  c3bc4c404...[0m
[0;32mI (292) cpu_start: ESP-IDF:          v5.2[0m
[0;32mI (297) cpu_start: Min chip rev:     v0.0[0m
[0;32mI (302) cpu_start: Max chip rev:     v3.99 [0m
[0;32mI (306) cpu_start: Chip rev:         v1.0[0m
V (311) memory_layout: reserved range is 0x3f40d730 - 0x3f40d778[0m
D (317) memory_layout: Checking 9 reserved memory ranges:[0m
D (323) memory_layout: Reserved memory range 0x3ff82000 - 0x3ff82000[0m
D (329) memory_layout: Reserved memory range 0x3ffae000 - 0x3ffae6e0[0m
D (336) memory_layout: Reserved memory range 0x3ffb0000 - 0x3ffb2c88[0m
D (342) memory_layout: Reserved memory range 0x3ffe0000 - 0x3ffe0440[0m
D (348) memory_layout: Reserved memory range 0x3ffe3f20 - 0x3ffe4350[0m
D (355) memory_layout: Reserved memory range 0x40070000 - 0x40078000[0m
D (361) memory_layout: Reserved memory range 0x40078000 - 0x40080000[0m
D (368) memory_layout: Reserved memory range 0x40080000 - 0x4008d18c[0m
D (374) memory_layout: Reserved memory range 0x50001fe8 - 0x50002000[0m
D (380) memory_layout: Building list of available memory regions:[0m
V (387) memory_layout: Examining memory region 0x3ffae000 - 0x3ffb0000[0m
V (393) memory_layout: Start of region 0x3ffae000 - 0x3ffb0000 overlaps reserved 0x3ffae000 - 0x3ffae6e0[0m
D (403) memory_layout: Available memory region 0x3ffae6e0 - 0x3ffb0000[0m
V (409) memory_layout: Examining memory region 0x3ffb0000 - 0x3ffb8000[0m
V (416) memory_layout: Start of region 0x3ffb0000 - 0x3ffb8000 overlaps reserved 0x3ffb0000 - 0x3ffb2c88[0m
D (426) memory_layout: Available memory region 0x3ffb2c88 - 0x3ffb8000[0m
V (432) memory_layout: Examining memory region 0x3ffb8000 - 0x3ffc0000[0m
D (439) memory_layout: Available memory region 0x3ffb8000 - 0x3ffc0000[0m
V (445) memory_layout: Examining memory region 0x3ffc0000 - 0x3ffc2000[0m
D (452) memory_layout: Available memory region 0x3ffc0000 - 0x3ffc2000[0m
V (459) memory_layout: Examining memory region 0x3ffc2000 - 0x3ffc4000[0m
D (465) memory_layout: Available memory region 0x3ffc2000 - 0x3ffc4000[0m
V (472) memory_layout: Examining memory region 0x3ffc4000 - 0x3ffc6000[0m
D (478) memory_layout: Available memory region 0x3ffc4000 - 0x3ffc6000[0m
V (485) memory_layout: Examining memory region 0x3ffc6000 - 0x3ffc8000[0m
D (492) memory_layout: Available memory region 0x3ffc6000 - 0x3ffc8000[0m
V (498) memory_layout: Examining memory region 0x3ffc8000 - 0x3ffca000[0m
D (505) memory_layout: Available memory region 0x3ffc8000 - 0x3ffca000[0m
V (511) memory_layout: Examining memory region 0x3ffca000 - 0x3ffcc000[0m
D (518) memory_layout: Available memory region 0x3ffca000 - 0x3ffcc000[0m
V (524) memory_layout: Examining memory region 0x3ffcc000 - 0x3ffce000[0m
D (531) memory_layout: Available memory region 0x3ffcc000 - 0x3ffce000[0m
V (538) memory_layout: Examining memory region 0x3ffce000 - 0x3ffd0000[0m
D (544) memory_layout: Available memory region 0x3ffce000 - 0x3ffd0000[0m
V (551) memory_layout: Examining memory region 0x3ffd0000 - 0x3ffd2000[0m
D (557) memory_layout: Available memory region 0x3ffd0000 - 0x3ffd2000[0m
V (564) memory_layout: Examining memory region 0x3ffd2000 - 0x3ffd4000[0m
D (571) memory_layout: Available memory region 0x3ffd2000 - 0x3ffd4000[0m
V (577) memory_layout: Examining memory region 0x3ffd4000 - 0x3ffd6000[0m
D (584) memory_layout: Available memory region 0x3ffd4000 - 0x3ffd6000[0m
V (590) memory_layout: Examining memory region 0x3ffd6000 - 0x3ffd8000[0m
D (597) memory_layout: Available memory region 0x3ffd6000 - 0x3ffd8000[0m
V (604) memory_layout: Examining memory region 0x3ffd8000 - 0x3ffda000[0m
D (610) memory_layout: Available memory region 0x3ffd8000 - 0x3ffda000[0m
V (617) memory_layout: Examining memory region 0x3ffda000 - 0x3ffdc000[0m
D (623) memory_layout: Available memory region 0x3ffda000 - 0x3ffdc000[0m
V (630) memory_layout: Examining memory region 0x3ffdc000 - 0x3ffde000[0m
D (637) memory_layout: Available memory region 0x3ffdc000 - 0x3ffde000[0m
V (643) memory_layout: Examining memory region 0x3ffde000 - 0x3ffe0000[0m
D (650) memory_layout: Available memory region 0x3ffde000 - 0x3ffe0000[0m
V (656) memory_layout: Examining memory region 0x3ffe0000 - 0x3ffe4000[0m
V (663) memory_layout: Start of region 0x3ffe0000 - 0x3ffe4000 overlaps reserved 0x3ffe0000 - 0x3ffe0440[0m
V (673) memory_layout: End of region 0x3ffe0440 - 0x3ffe4000 overlaps reserved 0x3ffe3f20 - 0x3ffe4350[0m
D (682) memory_layout: Available memory region 0x3ffe0440 - 0x3ffe3f20[0m
V (689) memory_layout: Examining memory region 0x3ffe4000 - 0x3ffe8000[0m
V (695) memory_layout: Start of region 0x3ffe4000 - 0x3ffe8000 overlaps reserved 0x3ffe3f20 - 0x3ffe4350[0m
D (705) memory_layout: Available memory region 0x3ffe4350 - 0x3ffe8000[0m
V (711) memory_layout: Examining memory region 0x3ffe8000 - 0x3fff0000[0m
D (718) memory_layout: Available memory region 0x3ffe8000 - 0x3fff0000[0m
V (724) memory_layout: Examining memory region 0x3fff0000 - 0x3fff8000[0m
D (731) memory_layout: Available memory region 0x3fff0000 - 0x3fff8000[0m
V (738) memory_layout: Examining memory region 0x3fff8000 - 0x3fffc000[0m
D (744) memory_layout: Available memory region 0x3fff8000 - 0x3fffc000[0m
V (751) memory_layout: Examining memory region 0x3fffc000 - 0x40000000[0m
D (757) memory_layout: Available memory region 0x3fffc000 - 0x40000000[0m
V (764) memory_layout: Examining memory region 0x40070000 - 0x40078000[0m
V (771) memory_layout: Region 0x40070000 - 0x40078000 inside of reserved 0x40070000 - 0x40078000[0m
V (780) memory_layout: Examining memory region 0x40078000 - 0x40080000[0m
V (786) memory_layout: Region 0x40078000 - 0x40080000 inside of reserved 0x40078000 - 0x40080000[0m
V (795) memory_layout: Examining memory region 0x40080000 - 0x40082000[0m
V (802) memory_layout: Region 0x40080000 - 0x40082000 inside of reserved 0x40080000 - 0x4008d18c[0m
V (810) memory_layout: Examining memory region 0x40082000 - 0x40084000[0m
V (817) memory_layout: Region 0x40082000 - 0x40084000 inside of reserved 0x40080000 - 0x4008d18c[0m
V (826) memory_layout: Examining memory region 0x40084000 - 0x40086000[0m
V (832) memory_layout: Region 0x40084000 - 0x40086000 inside of reserved 0x40080000 - 0x4008d18c[0m
V (841) memory_layout: Examining memory region 0x40086000 - 0x40088000[0m
V (848) memory_layout: Region 0x40086000 - 0x40088000 inside of reserved 0x40080000 - 0x4008d18c[0m
V (857) memory_layout: Examining memory region 0x40088000 - 0x4008a000[0m
V (863) memory_layout: Region 0x40088000 - 0x4008a000 inside of reserved 0x40080000 - 0x4008d18c[0m
V (872) memory_layout: Examining memory region 0x4008a000 - 0x4008c000[0m
V (879) memory_layout: Region 0x4008a000 - 0x4008c000 inside of reserved 0x40080000 - 0x4008d18c[0m
V (888) memory_layout: Examining memory region 0x4008c000 - 0x4008e000[0m
V (894) memory_layout: Start of region 0x4008c000 - 0x4008e000 overlaps reserved 0x40080000 - 0x4008d18c[0m
D (904) memory_layout: Available memory region 0x4008d18c - 0x4008e000[0m
V (910) memory_layout: Examining memory region 0x4008e000 - 0x40090000[0m
D (917) memory_layout: Available memory region 0x4008e000 - 0x40090000[0m
V (924) memory_layout: Examining memory region 0x40090000 - 0x40092000[0m
D (930) memory_layout: Available memory region 0x40090000 - 0x40092000[0m
V (937) memory_layout: Examining memory region 0x40092000 - 0x40094000[0m
D (943) memory_layout: Available memory region 0x40092000 - 0x40094000[0m
V (950) memory_layout: Examining memory region 0x40094000 - 0x40096000[0m
D (957) memory_layout: Available memory region 0x40094000 - 0x40096000[0m
V (963) memory_layout: Examining memory region 0x40096000 - 0x40098000[0m
D (970) memory_layout: Available memory region 0x40096000 - 0x40098000[0m
V (976) memory_layout: Examining memory region 0x40098000 - 0x4009a000[0m
D (983) memory_layout: Available memory region 0x40098000 - 0x4009a000[0m
V (990) memory_layout: Examining memory region 0x4009a000 - 0x4009c000[0m
D (996) memory_layout: Available memory region 0x4009a000 - 0x4009c000[0m
V (1003) memory_layout: Examining memory region 0x4009c000 - 0x4009e000[0m
D (1009) memory_layout: Available memory region 0x4009c000 - 0x4009e000[0m
V (1016) memory_layout: Examining memory region 0x4009e000 - 0x400a0000[0m
D (1023) memory_layout: Available memory region 0x4009e000 - 0x400a0000[0m
[0;32mI (1030) heap_init: Initializing. RAM available for dynamic allocation:[0m
D (1037) heap_init: New heap initialised at 0x3ffae6e0[0m
[0;32mI (1042) heap_init: At 3FFAE6E0 len 00001920 (6 KiB): DRAM[0m
D (1048) heap_init: New heap initialised at 0x3ffb2c88[0m
[0;32mI (1053) heap_init: At 3FFB2C88 len 0002D378 (180 KiB): DRAM[0m
[0;32mI (1060) heap_init: At 3FFE0440 len 00003AE0 (14 KiB): D/IRAM[0m
[0;32mI (1066) heap_init: At 3FFE4350 len 0001BCB0 (111 KiB): D/IRAM[0m
D (1073) heap_init: New heap initialised at 0x4008d18c[0m
[0;32mI (1078) heap_init: At 4008D18C len 00012E74 (75 KiB): IRAM[0m
V (1084) intr_alloc: esp_intr_alloc_intrstatus (cpu 0): checking args[0m
V (1091) intr_alloc: esp_intr_alloc_intrstatus (cpu 0): Args okay. Resulting flags 0x40E[0m
D (1099) intr_alloc: Connected src 46 to int 2 (cpu 0)[0m
V (1105) memspi: raw_chip_id: 1640D8
[0m
V (1108) memspi: chip_id: D84016
[0m
V (1111) memspi: raw_chip_id: 1640D8
[0m
V (1115) memspi: chip_id: D84016
[0m
D (1119) spi_flash: trying chip: issi[0m
D (1122) spi_flash: trying chip: gd[0m
D (1126) spi_flash: trying chip: mxic[0m
D (1130) spi_flash: trying chip: winbond[0m
D (1134) spi_flash: trying chip: generic[0m
[0;32mI (1138) spi_flash: detected chip: generic[0m
[0;32mI (1142) spi_flash: flash io: dio[0m
D (1146) cpu_start: calling init function: 0x400dbcf0[0m
D (1152) cpu_start: calling init function: 0x400db7a0[0m
D (1157) cpu_start: calling init function: 0x400d8490[0m
D (1162) cpu_start: calling init function: 0x40085c78[0m
D (1167) cpu_start: calling init function: 0x400d10e4[0m
D (1172) cpu_start: calling init function: 0x400d41f4 on core: 0[0m
V (1178) intr_alloc: esp_intr_alloc_intrstatus (cpu 0): checking args[0m
V (1185) intr_alloc: esp_intr_alloc_intrstatus (cpu 0): Args okay. Resulting flags 0xC02[0m
D (1193) intr_alloc: Connected src 17 to int 3 (cpu 0)[0m
D (1198) cpu_start: calling init function: 0x400e9958 on core: 0[0m
V (1204) intr_alloc: esp_intr_alloc_intrstatus (cpu 0): checking args[0m
V (1211) intr_alloc: esp_intr_alloc_intrstatus (cpu 0): Args okay. Resulting flags 0x40E[0m
D (1219) intr_alloc: Connected src 24 to int 9 (cpu 0)[0m
D (1224) app_start: Starting scheduler on CPU0[0m
V (1229) intr_alloc: esp_intr_alloc_intrstatus (cpu 1): checking args[0m
V (1229) intr_alloc: esp_intr_alloc_intrstatus (cpu 1): Args okay. Resulting flags 0x40E[0m
[0D (1239) intr_alloc: Connected src 25 to int 2 (cpu 1)[0m
D (1249) app_start: Starting scheduler on CPU1[0m
;32mI (1229) main_task: Started on CPU0[0m
D (1259) heap_init: New heap initialised at 0x3ffe0440[0m
D (1259) heap_init: New heap initialised at 0x3ffe4350[0m
V (1259) intr_alloc: esp_intr_alloc_intrstatus (cpu 0): checking args[0m
V (1269) intr_alloc: esp_intr_alloc_intrstatus (cpu 0): Args okay. Resulting flags 0xE[0m
D (1279) intr_alloc: Connected src 16 to int 12 (cpu 0)[0m
[0;32mI (1279) main_task: Calling app_main()[0m
HAY!!! This is a new feature
[0;32mI (1289) SOFTWARE VERSION: we are running 2[0m
[0;32mI (1299) gpio: GPIO[0]| InputEn: 1| OutputEn: 0| OpenDrain: 0| Pullup: 1| Pulldown: 0| Intr:2 [0m
V (1309) intr_alloc: esp_intr_alloc_intrstatus (cpu 0): checking args[0m
V (1309) intr_alloc: esp_intr_alloc_intrstatus (cpu 0): Args okay. Resulting flags 0xE[0m
D (1319) intr_alloc: Connected src 22 to int 13 (cpu 0)[0m
[0;32mI (1319) main_task: Returned from app_main()[0m
[0;32mI (40859) OTA: Invoking OTA[0m
V (40859) partition: Loading the partition table[0m
V (40859) mmap: actual_mapped_len is 0x10000[0m
V (40859) calculated md5: 0x3ffb7ce8   bf 25 82 2c 0f a6 d8 64  1b d9 30 25 1e 06 b4 c4  |.%.,...d..0%....|[0m
V (40869) stored md5: 0x3f4180d0   bf 25 82 2c 0f a6 d8 64  1b d9 30 25 1e 06 b4 c4  |.%.,...d..0%....|[0m
V (40879) partition: Partition table MD5 verified[0m
[0;32mI (48499) OTA: Invoking OTA[0m
[0;32mI (50409) OTA: Invoking OTA[0m
[0;32mI (50919) OTA: Invoking OTA[0m
