ï¿½ï¿½io: dio[0m
ï¿½ets Jul 29 2019 12:21:46

rst:0x1 (POWERON_RESET),boot:0x13 (SPI_FAST_FLASH_BOOT)
configsip: 0, SPIWP:0xee
clk_drv:0x00,q_drv:0x00,d_drv:0x00,cs0_drv:0x00,hd_drv:0x00,wp_drv:0x00
mode:DIO, clock div:2
load:0x3fff0030,len:7172
load:0x40078000,len:15532
load:0x40080400,len:4
load:0x40080404,len:3904
entry 0x40080640
[0;32mI (29) boot: ESP-IDF v5.2 2nd stage bootloader[0m
[0;32mI (29) boot: compile time Mar 24 2024 13:53:37[0m
[0;32mI (29) boot: Multicore bootloader[0m
[0;32mI (33) boot: chip revision: v3.0[0m
[0;32mI (37) boot.esp32: SPI Speed      : 40MHz[0m
[0;32mI (42) boot.esp32: SPI Mode       : DIO[0m
[0;32mI (46) boot.esp32: SPI Flash Size : 4MB[0m
[0;32mI (51) boot: Enabling RNG early entropy source...[0m
[0;32mI (56) boot: Partition Table:[0m
[0;32mI (60) boot: ## Label            Usage          Type ST Offset   Length[0m
[0;32mI (67) boot:  0 nvs              WiFi data        01 02 00009000 00006000[0m
[0;32mI (75) boot:  1 phy_init         RF data          01 01 0000f000 00001000[0m
[0;32mI (82) boot:  2 factory          factory app      00 00 00010000 00100000[0m
[0;32mI (90) boot: End of partition table[0m
[0;32mI (94) esp_image: segment 0: paddr=00010020 vaddr=3f400020 size=09c48h ( 40008) map[0m
[0;32mI (116) esp_image: segment 1: paddr=00019c70 vaddr=3ffb0000 size=0220ch (  8716) load[0m
[0;32mI (120) esp_image: segment 2: paddr=0001be84 vaddr=40080000 size=04194h ( 16788) load[0m
[0;32mI (128) esp_image: segment 3: paddr=00020020 vaddr=400d0020 size=14240h ( 82496) map[0m
[0;32mI (159) esp_image: segment 4: paddr=00034268 vaddr=40084194 size=08588h ( 34184) load[0m
[0;32mI (179) boot: Loaded app from partition at offset 0x10000[0m
[0;32mI (179) boot: Disabling RNG early entropy source...[0m
[0;32mI (190) cpu_start: Multicore app[0m
[0;32mI (199) cpu_start: Pro cpu start user code[0m
[0;32mI (199) cpu_start: cpu freq: 160000000 Hz[0m
[0;32mI (199) cpu_start: Application information:[0m
[0;32mI (202) cpu_start: Project name:     blink[0m
[0;32mI (207) cpu_start: App version:      21ae5dbd[0m
[0;32mI (212) cpu_start: Compile time:     Mar 24 2024 13:53:16[0m
[0;32mI (218) cpu_start: ELF file SHA256:  bc827741e...[0m
[0;32mI (223) cpu_start: ESP-IDF:          v5.2[0m
[0;32mI (228) cpu_start: Min chip rev:     v0.0[0m
[0;32mI (233) cpu_start: Max chip rev:     v3.99 [0m
[0;32mI (238) cpu_start: Chip rev:         v3.0[0m
[0;32mI (243) heap_init: Initializing. RAM available for dynamic allocation:[0m
[0;32mI (250) heap_init: At 3FFAE6E0 len 00001920 (6 KiB): DRAM[0m
[0;32mI (256) heap_init: At 3FFB2AD8 len 0002D528 (181 KiB): DRAM[0m
[0;32mI (262) heap_init: At 3FFE0440 len 00003AE0 (14 KiB): D/IRAM[0m
[0;32mI (268) heap_init: At 3FFE4350 len 0001BCB0 (111 KiB): D/IRAM[0m
[0;32mI (275) heap_init: At 4008C71C len 000138E4 (78 KiB): IRAM[0m
[0;32mI (282) spi_flash: detected chip: generic[0m
[0;32mI (286) spi_flash: flash io: dio[0m
[0;33mW (290) ADC: legacy driver is deprecated, please migrate to `esp_adc/adc_oneshot.h`[0m
[0;32mI (298) main_task: Started on CPU0[0m
[0;32mI (308) main_task: Calling app_main()[0m
value is 0
value is 0
value is 0
value is 0
value is 0
value is 0
value is 0
value is 0
value is 0
value is 0
value is 0
value is 0
value is 0
value is 0
value is 0
value is 0
value is 0
value is 0
value is 0
value is 0
value is 0
value is 198
value is 0
value is 0
value is 0
value is 0
value is 0
value is 0
value is 0
value is 0
value is 0
value is 0
value is 0
value is 0
value is 0
value is 0
value is 0
value is 0
value is 0
value is 0
value is 0
value is 0
value is 0
value is 0
value is 0
value is 0
value is 0
value is 0
value is 0
value is 0
value is 0
value is 0
value is 0
value is 0
value is 0
value is 0
value is 0
value is 0
value is 0
value is 0
value is 0
value is 0
