 file SHA256:  52ï¿½ets Jun  8 2016 00:22:57

rst:0x1 (POWERON_RESET),boot:0x13 (SPI_FAST_FLASH_BOOT)
configsip: 0, SPIWP:0xee
clk_drv:0x00,q_drv:0x00,d_drv:0x00,cs0_drv:0x00,hd_drv:0x00,wp_drv:0x00
mode:DIO, clock div:2
load:0x3fff0030,len:7172
load:0x40078000,len:15532
load:0x40080400,len:4
load:0x40080404,len:3904
entry 0x40080640
[0;32mI (29) boot: ESP-IDF v5.2 2nd stage bootloader[0m
[0;32mI (29) boot: compile time Mar 23 2024 16:44:58[0m
[0;32mI (29) boot: Multicore bootloader[0m
[0;32mI (33) boot: chip revision: v1.0[0m
[0;32mI (37) boot.esp32: SPI Speed      : 40MHz[0m
[0;32mI (42) boot.esp32: SPI Mode       : DIO[0m
[0;32mI (46) boot.esp32: SPI Flash Size : 4MB[0m
[0;32mI (51) boot: Enabling RNG early entropy source...[0m
[0;32mI (56) boot: Partition Table:[0m
[0;32mI (60) boot: ## Label            Usage          Type ST Offset   Length[0m
[0;32mI (67) boot:  0 nvs              WiFi data        01 02 00009000 00004000[0m
[0;32mI (74) boot:  1 otadata          OTA data         01 00 0000d000 00002000[0m
[0;32mI (82) boot:  2 phy_init         RF data          01 01 0000f000 00001000[0m
[0;32mI (89) boot:  3 factory          factory app      00 00 00010000 00100000[0m
[0;32mI (97) boot:  4 ota_0            OTA app          00 10 00110000 00100000[0m
[0;32mI (104) boot:  5 ota_1            OTA app          00 11 00210000 00100000[0m
[0;32mI (112) boot: End of partition table[0m
[0;32mI (116) boot: Defaulting to factory image[0m
[0;32mI (121) esp_image: segment 0: paddr=00010020 vaddr=3f400020 size=37ba8h (228264) map[0m
[0;32mI (208) esp_image: segment 1: paddr=00047bd0 vaddr=3ffb0000 size=03c74h ( 15476) load[0m
[0;32mI (214) esp_image: segment 2: paddr=0004b84c vaddr=40080000 size=047cch ( 18380) load[0m
[0;32mI (221) esp_image: segment 3: paddr=00050020 vaddr=400d0020 size=9fa34h (653876) map[0m
[0;32mI (446) esp_image: segment 4: paddr=000efa5c vaddr=400847cc size=11f14h ( 73492) load[0m
[0;32mI (486) boot: Loaded app from partition at offset 0x10000[0m
[0;32mI (486) boot: Disabling RNG early entropy source...[0m
[0;32mI (498) cpu_start: Multicore app[0m
[0;32mI (507) cpu_start: Pro cpu start user code[0m
[0;32mI (507) cpu_start: cpu freq: 160000000 Hz[0m
[0;32mI (507) cpu_start: Application information:[0m
[0;32mI (510) cpu_start: Project name:     aws-s3[0m
[0;32mI (515) cpu_start: App version:      681a0da0[0m
[0;32mI (520) cpu_start: Compile time:     Mar 23 2024 16:44:36[0m
[0;32mI (526) cpu_start: ELF file SHA256:  523289d95464747f...[0m
[0;32mI (532) cpu_start: ESP-IDF:          v5.2[0m
[0;32mI (536) cpu_start: Min chip rev:     v0.0[0m
[0;32mI (541) cpu_start: Max chip rev:     v3.99 [0m
[0;32mI (546) cpu_start: Chip rev:         v1.0[0m
[0;32mI (551) heap_init: Initializing. RAM available for dynamic allocation:[0m
[0;32mI (558) heap_init: At 3FFAE6E0 len 00001920 (6 KiB): DRAM[0m
[0;32mI (564) heap_init: At 3FFB8588 len 00027A78 (158 KiB): DRAM[0m
[0;32mI (570) heap_init: At 3FFE0440 len 00003AE0 (14 KiB): D/IRAM[0m
[0;32mI (576) heap_init: At 3FFE4350 len 0001BCB0 (111 KiB): D/IRAM[0m
[0;32mI (583) heap_init: At 400966E0 len 00009920 (38 KiB): IRAM[0m
[0;32mI (591) spi_flash: detected chip: generic[0m
[0;32mI (594) spi_flash: flash io: dio[0m
[0;32mI (599) main_task: Started on CPU0[0m
[0;32mI (609) main_task: Calling app_main()[0m
[0;32mI (619) example_connect: Start example_connect.[0m
I (639) wifi:wifi driver task: 3ffc00c8, prio:23, stack:6656, core=0
I (639) wifi:wifi firmware version: cc1dd81
I (639) wifi:wifi certification version: v7.0
I (639) wifi:config NVS flash: enabled
I (639) wifi:config nano formating: disabled
I (649) wifi:Init data frame dynamic rx buffer num: 32
I (649) wifi:Init static rx mgmt buffer num: 5
I (649) wifi:Init management short buffer num: 32
I (659) wifi:Init dynamic tx buffer num: 32
I (659) wifi:Init static rx buffer size: 1600
I (669) wifi:Init static rx buffer num: 10
I (669) wifi:Init dynamic rx buffer num: 32
[0;32mI (679) wifi_init: rx ba win: 6[0m
[0;32mI (679) wifi_init: tcpip mbox: 32[0m
[0;32mI (679) wifi_init: udp mbox: 6[0m
[0;32mI (689) wifi_init: tcp mbox: 6[0m
[0;32mI (689) wifi_init: tcp tx win: 5744[0m
[0;32mI (689) wifi_init: tcp rx win: 5744[0m
[0;32mI (699) wifi_init: tcp mss: 1440[0m
[0;32mI (699) wifi_init: WiFi IRAM OP enabled[0m
[0;32mI (709) wifi_init: WiFi RX IRAM OP enabled[0m
[0;32mI (709) phy_init: phy_version 4791,2c4672b,Dec 20 2023,16:06:06[0m
I (799) wifi:mode : sta (08:3a:f2:aa:19:f8)
I (799) wifi:enable tsf
[0;32mI (809) example_connect: Connecting to Test...[0m
[0;32mI (809) example_connect: Waiting for IP(s)[0m
I (3219) wifi:new:<6,0>, old:<1,0>, ap:<255,255>, sta:<6,0>, prof:1
I (3479) wifi:state: init -> auth (b0)
I (3479) wifi:state: auth -> assoc (0)
I (3509) wifi:state: assoc -> run (10)
I (3569) wifi:connected with Test, aid = 3, channel 6, BW20, bssid = da:e1:fe:b9:54:57
I (3569) wifi:security: WPA2-PSK, phy: bgn, rssi: -45
I (3569) wifi:pm start, type: 1

I (3569) wifi:dp: 1, bi: 102400, li: 3, scale listen interval from 307200 us to 307200 us
I (3599) wifi:dp: 2, bi: 102400, li: 4, scale listen interval from 307200 us to 409600 us
I (3599) wifi:AP's beacon interval = 102400 us, DTIM period = 2
[0;32mI (4579) esp_netif_handlers: example_netif_sta ip: 192.168.222.239, mask: 255.255.255.0, gw: 192.168.222.12[0m
[0;32mI (4579) example_connect: Got IPv4 event: Interface "example_netif_sta" address: 192.168.222.239[0m
[0;32mI (4619) example_connect: Got IPv6 event: Interface "example_netif_sta" address: fe80:0000:0000:0000:0a3a:f2ff:feaa:19f8, type: ESP_IP6_ADDR_IS_LINK_LOCAL[0m
[0;32mI (4619) example_common: Connected to example_netif_sta[0m
[0;32mI (4629) example_common: - IPv4 address: 192.168.222.239,[0m
[0;32mI (4629) example_common: - IPv6 address: fe80:0000:0000:0000:0a3a:f2ff:feaa:19f8, type: ESP_IP6_ADDR_IS_LINK_LOCAL[0m
[0;32mI (4639) AWS S3: Wifi is connected[0m
rahul = Time, Temperature, Humidity, Light
2024-03-22 09:30:00, 28.3Â°C, 48%, 420 lux
2024-03-22 09:15:00, 25.7Â°C, 55%, 320 lux
2024-03-22 09:45:00, 24.9Â°C, 60%, 250 lux
2024-03-22 10:00:00, 26.5Â°C, 52%, 380 lux
2024-03-22 10:15:00, 29.1Â°C, 45%, 480 lux


upload csv file
[0;32mI (4669) AWS S3: HTTP client initialized[0m
[0;32mI (4679) AWS S3: Content: Hello rahul![0m
[0;32mI (4679) AWS S3: S3 parameters configured[0m
I (5629) wifi:<ba-add>idx:0 (ifx:0, da:e1:fe:b9:54:57), tid:0, ssn:2, winSize:64
